{"timestamp": "2026-01-24T06:56:34.471086+00:00", "operation": "filesystem.list", "resource": ".", "result": "allow", "reason": "No policy denied", "policy": "default", "tool_name": "list_files"}
{"timestamp": "2026-01-24T06:56:40.139028+00:00", "operation": "filesystem.write", "resource": "index.html", "result": "allow", "reason": "No policy denied", "policy": "default", "tool_name": "write_to_file"}
{"timestamp": "2026-01-24T07:00:28.681997+00:00", "operation": "filesystem.list", "resource": ".", "result": "allow", "reason": "No policy denied", "policy": "default", "tool_name": "list_files"}
{"timestamp": "2026-01-24T07:00:31.878598+00:00", "operation": "filesystem.read", "resource": "index.html", "result": "allow", "reason": "No policy denied", "policy": "default", "tool_name": "read_file"}
{"timestamp": "2026-01-24T07:00:39.798295+00:00", "operation": "filesystem.read", "resource": "scheduler.jsx", "result": "allow", "reason": "No policy denied", "policy": "default", "tool_name": "read_file"}
{"timestamp": "2026-01-24T07:00:45.099828+00:00", "operation": "filesystem.read", "resource": "scheduler.jsx", "result": "allow", "reason": "No policy denied", "policy": "default", "tool_name": "apply_diff"}
{"timestamp": "2026-01-24T07:00:45.101359+00:00", "operation": "filesystem.write", "resource": "scheduler.jsx", "result": "allow", "reason": "No policy denied", "policy": "default", "tool_name": "apply_diff"}
{"timestamp": "2026-01-24T07:00:48.707120+00:00", "operation": "filesystem.read", "resource": "index.html", "result": "allow", "reason": "No policy denied", "policy": "default", "tool_name": "apply_diff"}
{"timestamp": "2026-01-24T07:00:48.708606+00:00", "operation": "filesystem.write", "resource": "index.html", "result": "allow", "reason": "No policy denied", "policy": "default", "tool_name": "apply_diff"}
{"timestamp": "2026-01-24T07:00:51.908711+00:00", "operation": "filesystem.read", "resource": "index.html", "result": "allow", "reason": "No policy denied", "policy": "default", "tool_name": "read_file"}
{"timestamp": "2026-01-24T07:01:13.420281+00:00", "operation": "filesystem.read", "resource": "index.html", "result": "allow", "reason": "No policy denied", "policy": "default", "tool_name": "apply_diff"}
{"timestamp": "2026-01-24T07:01:13.421693+00:00", "operation": "filesystem.write", "resource": "index.html", "result": "allow", "reason": "No policy denied", "policy": "default", "tool_name": "apply_diff"}
{"timestamp": "2026-01-24T07:01:59.371345+00:00", "operation": "filesystem.read", "resource": "scheduler.jsx", "result": "allow", "reason": "No policy denied", "policy": "default", "tool_name": "read_file"}
{"timestamp": "2026-01-24T07:02:06.724060+00:00", "operation": "filesystem.read", "resource": "scheduler.jsx", "result": "allow", "reason": "No policy denied", "policy": "default", "tool_name": "apply_diff"}
{"timestamp": "2026-01-24T07:02:06.728036+00:00", "operation": "filesystem.write", "resource": "scheduler.jsx", "result": "allow", "reason": "No policy denied", "policy": "default", "tool_name": "apply_diff"}
{"timestamp": "2026-01-24T07:02:22.669842+00:00", "operation": "filesystem.read", "resource": "scheduler.jsx", "result": "allow", "reason": "No policy denied", "policy": "default", "tool_name": "apply_diff"}
{"timestamp": "2026-01-24T07:02:22.689268+00:00", "operation": "filesystem.write", "resource": "scheduler.jsx", "result": "allow", "reason": "No policy denied", "policy": "default", "tool_name": "apply_diff"}
{"timestamp": "2026-01-24T07:02:29.875405+00:00", "operation": "filesystem.read", "resource": "index.html", "result": "allow", "reason": "No policy denied", "policy": "default", "tool_name": "read_file"}
{"timestamp": "2026-01-24T07:03:31.563902+00:00", "operation": "filesystem.read", "resource": "index.html", "result": "allow", "reason": "No policy denied", "policy": "default", "tool_name": "apply_diff"}
{"timestamp": "2026-01-24T07:03:31.592107+00:00", "operation": "filesystem.write", "resource": "index.html", "result": "allow", "reason": "No policy denied", "policy": "default", "tool_name": "apply_diff"}
{"timestamp": "2026-01-24T07:07:31.317971+00:00", "operation": "filesystem.write", "resource": "scheduler-1.jsx", "result": "allow", "reason": "No policy denied", "policy": "default", "tool_name": "write_to_file"}
{"timestamp": "2026-01-24T07:07:48.478632+00:00", "operation": "filesystem.write", "resource": "index-1.html", "result": "allow", "reason": "No policy denied", "policy": "default", "tool_name": "write_to_file"}
{"timestamp": "2026-01-24T07:08:17.081944+00:00", "operation": "filesystem.read", "resource": "index-1.html", "result": "allow", "reason": "No policy denied", "policy": "default", "tool_name": "apply_diff"}
{"timestamp": "2026-01-24T07:08:17.083443+00:00", "operation": "filesystem.write", "resource": "index-1.html", "result": "allow", "reason": "No policy denied", "policy": "default", "tool_name": "apply_diff"}
{"timestamp": "2026-01-24T07:08:40.224257+00:00", "operation": "filesystem.read", "resource": "scheduler-1.jsx", "result": "allow", "reason": "No policy denied", "policy": "default", "tool_name": "apply_diff"}
{"timestamp": "2026-01-24T07:08:40.225263+00:00", "operation": "filesystem.write", "resource": "scheduler-1.jsx", "result": "allow", "reason": "No policy denied", "policy": "default", "tool_name": "apply_diff"}
{"timestamp": "2026-01-24T07:08:44.466937+00:00", "operation": "filesystem.read", "resource": "index-1.html", "result": "allow", "reason": "No policy denied", "policy": "default", "tool_name": "apply_diff"}
{"timestamp": "2026-01-24T07:08:44.468398+00:00", "operation": "filesystem.write", "resource": "index-1.html", "result": "allow", "reason": "No policy denied", "policy": "default", "tool_name": "apply_diff"}
{"timestamp": "2026-01-24T07:08:46.937446+00:00", "operation": "filesystem.read", "resource": "index-1.html", "result": "allow", "reason": "No policy denied", "policy": "default", "tool_name": "read_file"}
{"timestamp": "2026-01-24T07:08:49.895157+00:00", "operation": "filesystem.read", "resource": "index-1.html", "result": "allow", "reason": "No policy denied", "policy": "default", "tool_name": "apply_diff"}
{"timestamp": "2026-01-24T07:08:49.897485+00:00", "operation": "filesystem.write", "resource": "index-1.html", "result": "allow", "reason": "No policy denied", "policy": "default", "tool_name": "apply_diff"}
{"timestamp": "2026-01-24T07:12:17.154411+00:00", "operation": "filesystem.read", "resource": "scheduler-1.jsx", "result": "allow", "reason": "No policy denied", "policy": "default", "tool_name": "read_file"}
{"timestamp": "2026-01-24T07:12:30.009476+00:00", "operation": "filesystem.read", "resource": "index-1.html", "result": "allow", "reason": "No policy denied", "policy": "default", "tool_name": "read_file"}
{"timestamp": "2026-01-24T07:13:32.463947+00:00", "operation": "filesystem.write", "resource": "index-1.html", "result": "allow", "reason": "No policy denied", "policy": "default", "tool_name": "write_to_file"}
{"timestamp": "2026-01-24T07:15:43.767553+00:00", "operation": "filesystem.read", "resource": "index-1.html", "result": "allow", "reason": "No policy denied", "policy": "default", "tool_name": "read_file"}
{"timestamp": "2026-01-24T07:16:26.480472+00:00", "operation": "filesystem.read", "resource": "index-1.html", "result": "allow", "reason": "No policy denied", "policy": "default", "tool_name": "apply_diff"}
{"timestamp": "2026-01-24T07:16:26.522428+00:00", "operation": "filesystem.write", "resource": "index-1.html", "result": "allow", "reason": "No policy denied", "policy": "default", "tool_name": "apply_diff"}
{"timestamp": "2026-01-24T07:16:46.424291+00:00", "operation": "filesystem.read", "resource": "index-1.html", "result": "allow", "reason": "No policy denied", "policy": "default", "tool_name": "apply_diff"}
{"timestamp": "2026-01-24T07:16:46.426846+00:00", "operation": "filesystem.write", "resource": "index-1.html", "result": "allow", "reason": "No policy denied", "policy": "default", "tool_name": "apply_diff"}
{"timestamp": "2026-01-24T07:16:50.685938+00:00", "operation": "filesystem.read", "resource": "index-1.html", "result": "allow", "reason": "No policy denied", "policy": "default", "tool_name": "read_file"}
{"timestamp": "2026-01-24T07:17:56.720918+00:00", "operation": "filesystem.write", "resource": "index-1.html", "result": "allow", "reason": "No policy denied", "policy": "default", "tool_name": "write_to_file"}
{"timestamp": "2026-01-24T07:21:35.479120+00:00", "operation": "filesystem.write", "resource": ".gitignore", "result": "allow", "reason": "No policy denied", "policy": "default", "tool_name": "write_to_file"}
{"timestamp": "2026-01-24T07:28:35.589285+00:00", "operation": "filesystem.read", "resource": "context/initial-context.md", "result": "allow", "reason": "No policy denied", "policy": "default", "tool_name": "read_file"}
{"timestamp": "2026-01-24T07:28:40.618042+00:00", "operation": "filesystem.list", "resource": "context", "result": "allow", "reason": "No policy denied", "policy": "default", "tool_name": "list_files"}
{"timestamp": "2026-01-24T07:28:52.360356+00:00", "operation": "filesystem.list", "resource": ".", "result": "allow", "reason": "No policy denied", "policy": "default", "tool_name": "list_files"}
{"timestamp": "2026-01-24T07:28:58.121800+00:00", "operation": "filesystem.read", "resource": "initial-context.md", "result": "allow", "reason": "No policy denied", "policy": "default", "tool_name": "read_file"}
{"timestamp": "2026-01-29T15:02:14.479751+00:00", "operation": "filesystem.read", "resource": "initial_context.md", "result": "allow", "reason": "No policy denied", "policy": "default", "tool_name": "read_file"}
{"timestamp": "2026-01-29T15:02:49.025662+00:00", "operation": "filesystem.list", "resource": ".", "result": "allow", "reason": "No policy denied", "policy": "default", "tool_name": "list_files"}
{"timestamp": "2026-01-29T15:02:53.313984+00:00", "operation": "filesystem.read", "resource": "initial-context.md", "result": "allow", "reason": "No policy denied", "policy": "default", "tool_name": "read_file"}
{"timestamp": "2026-01-29T15:02:58.690257+00:00", "operation": "filesystem.read", "resource": "index.html", "result": "allow", "reason": "No policy denied", "policy": "default", "tool_name": "read_file"}
{"timestamp": "2026-01-29T15:03:01.810315+00:00", "operation": "filesystem.read", "resource": "scheduler.jsx", "result": "allow", "reason": "No policy denied", "policy": "default", "tool_name": "read_file"}
{"timestamp": "2026-01-29T15:03:38.262091+00:00", "operation": "filesystem.write", "resource": "spec-current-scheduler.md", "result": "allow", "reason": "No policy denied", "policy": "default", "tool_name": "write_to_file"}
{"timestamp": "2026-01-29T15:05:34.167192+00:00", "operation": "filesystem.write", "resource": "spec-cadence-project.md", "result": "allow", "reason": "No policy denied", "policy": "default", "tool_name": "write_to_file"}
{"timestamp": "2026-01-30T06:32:23.404414+00:00", "operation": "filesystem.write", "resource": "schedule.yml", "result": "allow", "reason": "No policy denied", "policy": "default", "tool_name": "write_to_file"}
{"timestamp": "2026-01-30T06:33:39.425868+00:00", "operation": "filesystem.write", "resource": "index.html", "result": "allow", "reason": "No policy denied", "policy": "default", "tool_name": "write_to_file"}
{"timestamp": "2026-01-30T06:35:30.865700+00:00", "operation": "filesystem.write", "resource": "scheduler.jsx", "result": "allow", "reason": "No policy denied", "policy": "default", "tool_name": "write_to_file"}
{"timestamp": "2026-01-30T06:40:34.176837+00:00", "operation": "filesystem.write", "resource": "index-1.html", "result": "allow", "reason": "No policy denied", "policy": "default", "tool_name": "write_to_file"}
{"timestamp": "2026-01-30T06:40:48.302080+00:00", "operation": "filesystem.write", "resource": "serve.py", "result": "allow", "reason": "No policy denied", "policy": "default", "tool_name": "write_to_file"}
{"timestamp": "2026-01-30T06:47:10.719516+00:00", "operation": "filesystem.read", "resource": "index-1.html.bak", "result": "allow", "reason": "No policy denied", "policy": "default", "tool_name": "read_file"}
{"timestamp": "2026-01-30T06:48:39.361402+00:00", "operation": "filesystem.write", "resource": "index-1.html", "result": "allow", "reason": "No policy denied", "policy": "default", "tool_name": "write_to_file"}
{"timestamp": "2026-01-30T06:57:37.468546+00:00", "operation": "filesystem.read", "resource": "index-1.html", "result": "allow", "reason": "No policy denied", "policy": "default", "tool_name": "apply_diff"}
{"timestamp": "2026-01-30T06:57:37.482245+00:00", "operation": "filesystem.write", "resource": "index-1.html", "result": "allow", "reason": "No policy denied", "policy": "default", "tool_name": "apply_diff"}
{"timestamp": "2026-01-30T06:57:49.844236+00:00", "operation": "filesystem.read", "resource": "index-1.html", "result": "allow", "reason": "No policy denied", "policy": "default", "tool_name": "read_file"}
{"timestamp": "2026-01-30T06:57:58.430967+00:00", "operation": "filesystem.read", "resource": "index-1.html", "result": "allow", "reason": "No policy denied", "policy": "default", "tool_name": "read_file"}
{"timestamp": "2026-01-30T06:58:12.487102+00:00", "operation": "filesystem.read", "resource": "index-1.html", "result": "allow", "reason": "No policy denied", "policy": "default", "tool_name": "read_file"}
{"timestamp": "2026-01-30T06:58:24.420091+00:00", "operation": "filesystem.read", "resource": "index-1.html", "result": "allow", "reason": "No policy denied", "policy": "default", "tool_name": "read_file"}
{"timestamp": "2026-01-30T06:58:47.179734+00:00", "operation": "filesystem.read", "resource": "index-1.html", "result": "allow", "reason": "No policy denied", "policy": "default", "tool_name": "apply_diff"}
{"timestamp": "2026-01-30T06:58:47.183262+00:00", "operation": "filesystem.write", "resource": "index-1.html", "result": "allow", "reason": "No policy denied", "policy": "default", "tool_name": "apply_diff"}
